// Jest Snapshot v1, https://goo.gl/fbAQLP

exports[`mupdf AnnotationList author author() should return a string 1`] = `"olivier-faure"`;

exports[`mupdf AnnotationList border() should return a number 1`] = `4`;

exports[`mupdf AnnotationList bound() should return a Rect 1`] = `
Rect {
  "x0": 289.8636779785156,
  "x1": 339.3624267578125,
  "y0": 473.3764343261719,
  "y1": 488.3266296386719,
}
`;

exports[`mupdf AnnotationList dates creationDate() should return a string 1`] = `1969-12-31T23:59:59.000Z`;

exports[`mupdf AnnotationList dates modificationDate() should return a string 1`] = `2000-05-19T19:23:36.000Z`;

exports[`mupdf AnnotationList getTransform() should return a Matrix 1`] = `
Matrix {
  "a": 1,
  "b": 0,
  "c": 0,
  "d": 1,
  "e": 0,
  "f": 0,
}
`;

exports[`mupdf AnnotationList opacity() should return a number 1`] = `0.6784313917160034`;

exports[`mupdf AnnotationList popup() should return a Rect 1`] = `
Rect {
  "x0": 32,
  "x1": 232,
  "y0": 12,
  "y1": 112,
}
`;

exports[`mupdf AnnotationList rect() should return a Rect 1`] = `
Rect {
  "x0": 144.73789978027344,
  "x1": 222.9898681640625,
  "y0": 627.8900146484375,
  "y1": 705.6463012695312,
}
`;

exports[`mupdf Link getBounds() should return Link hitbox 1`] = `
Rect {
  "x0": 55.22800064086914,
  "x1": 141.56199645996094,
  "y0": 110.45635986328125,
  "y1": 124.42132568359375,
}
`;

exports[`mupdf Page search() should return list of hitboxes of search results 1`] = `
Array [
  Rect {
    "x0": 108.74800872802734,
    "x1": 118.75875091552734,
    "y0": 69.305419921875,
    "y1": 89.414794921875,
  },
  Rect {
    "x0": 123.61602020263672,
    "x1": 133.62677001953125,
    "y0": 177.00543212890625,
    "y1": 197.11480712890625,
  },
  Rect {
    "x0": 172.55801391601562,
    "x1": 182.56875610351562,
    "y0": 177.00543212890625,
    "y1": 197.11480712890625,
  },
  Rect {
    "x0": 381.9521789550781,
    "x1": 387.2783508300781,
    "y0": 474.2070007324219,
    "y1": 487.4960632324219,
  },
  Rect {
    "x0": 470.8363037109375,
    "x1": 476.1624755859375,
    "y0": 474.2070007324219,
    "y1": 487.4960632324219,
  },
  Rect {
    "x0": 56.79999923706055,
    "x1": 62.12617111206055,
    "y0": 488.0069885253906,
    "y1": 501.2960510253906,
  },
  Rect {
    "x0": 83.40399169921875,
    "x1": 88.73016357421875,
    "y0": 488.0069885253906,
    "y1": 501.2960510253906,
  },
  Rect {
    "x0": 134.0679931640625,
    "x1": 139.3941650390625,
    "y0": 515.6069946289062,
    "y1": 528.8960571289062,
  },
  Rect {
    "x0": 202.63600158691406,
    "x1": 207.96217346191406,
    "y0": 515.6069946289062,
    "y1": 528.8960571289062,
  },
  Rect {
    "x0": 76.7979965209961,
    "x1": 86.8087387084961,
    "y0": 555.305419921875,
    "y1": 575.414794921875,
  },
  Rect {
    "x0": 113.18799591064453,
    "x1": 118.51416778564453,
    "y0": 795.406982421875,
    "y1": 808.696044921875,
  },
  Rect {
    "x0": 193.947998046875,
    "x1": 202.614013671875,
    "y0": 795.406982421875,
    "y1": 808.696044921875,
  },
  Rect {
    "x0": 245.92002868652344,
    "x1": 254.58604431152344,
    "y0": 795.406982421875,
    "y1": 808.696044921875,
  },
]
`;

exports[`mupdf Page toSTextPage() should return a valid STextPage 1`] = `
Object {
  "blocks": Array [
    Object {
      "bbox": Object {
        "h": 20,
        "w": 162,
        "x": 56,
        "y": 69,
      },
      "lines": Array [
        Object {
          "bbox": Object {
            "h": 20,
            "w": 162,
            "x": 56,
            "y": 69,
          },
          "font": Object {
            "family": "serif",
            "name": "BAAAAA+LiberationSans-Bold",
            "size": 18,
            "style": "normal",
            "weight": "bold",
          },
          "text": "Links and FreeText",
          "wmode": 0,
          "x": 56,
          "y": 85,
        },
      ],
      "type": "text",
    },
    Object {
      "bbox": Object {
        "h": 13,
        "w": 83,
        "x": 56,
        "y": 109,
      },
      "lines": Array [
        Object {
          "bbox": Object {
            "h": 13,
            "w": 83,
            "x": 56,
            "y": 109,
          },
          "font": Object {
            "family": "serif",
            "name": "CAAAAA+LiberationSerif",
            "size": 12,
            "style": "normal",
            "weight": "normal",
          },
          "text": "Link 1 (invisible)",
          "wmode": 0,
          "x": 56,
          "y": 120,
        },
      ],
      "type": "text",
    },
    Object {
      "bbox": Object {
        "h": 13,
        "w": 74,
        "x": 56,
        "y": 137,
      },
      "lines": Array [
        Object {
          "bbox": Object {
            "h": 13,
            "w": 74,
            "x": 56,
            "y": 137,
          },
          "font": Object {
            "family": "serif",
            "name": "CAAAAA+LiberationSerif",
            "size": 12,
            "style": "normal",
            "weight": "normal",
          },
          "text": "Link 2 (visible)",
          "wmode": 0,
          "x": 56,
          "y": 148,
        },
      ],
      "type": "text",
    },
    Object {
      "bbox": Object {
        "h": 20,
        "w": 168,
        "x": 56,
        "y": 177,
      },
      "lines": Array [
        Object {
          "bbox": Object {
            "h": 20,
            "w": 168,
            "x": 56,
            "y": 177,
          },
          "font": Object {
            "family": "serif",
            "name": "BAAAAA+LiberationSans-Bold",
            "size": 18,
            "style": "normal",
            "weight": "bold",
          },
          "text": "Pop-up annotations",
          "wmode": 0,
          "x": 56,
          "y": 193,
        },
      ],
      "type": "text",
    },
    Object {
      "bbox": Object {
        "h": 20,
        "w": 96,
        "x": 56,
        "y": 298,
      },
      "lines": Array [
        Object {
          "bbox": Object {
            "h": 20,
            "w": 96,
            "x": 56,
            "y": 298,
          },
          "font": Object {
            "family": "serif",
            "name": "BAAAAA+LiberationSans-Bold",
            "size": 18,
            "style": "normal",
            "weight": "bold",
          },
          "text": "Form fields",
          "wmode": 0,
          "x": 56,
          "y": 314,
        },
      ],
      "type": "text",
    },
    Object {
      "bbox": Object {
        "h": 20,
        "w": 143,
        "x": 56,
        "y": 433,
      },
      "lines": Array [
        Object {
          "bbox": Object {
            "h": 20,
            "w": 143,
            "x": 56,
            "y": 433,
          },
          "font": Object {
            "family": "serif",
            "name": "BAAAAA+LiberationSans-Bold",
            "size": 18,
            "style": "normal",
            "weight": "bold",
          },
          "text": "Text highlighting",
          "wmode": 0,
          "x": 56,
          "y": 450,
        },
      ],
      "type": "text",
    },
    Object {
      "bbox": Object {
        "h": 27,
        "w": 471,
        "x": 56,
        "y": 474,
      },
      "lines": Array [
        Object {
          "bbox": Object {
            "h": 13,
            "w": 471,
            "x": 56,
            "y": 474,
          },
          "font": Object {
            "family": "serif",
            "name": "CAAAAA+LiberationSerif",
            "size": 12,
            "style": "normal",
            "weight": "normal",
          },
          "text": "This text is encoded in the PDF contents, but the highlight, striking and underline is made of PDF ",
          "wmode": 0,
          "x": 56,
          "y": 484,
        },
        Object {
          "bbox": Object {
            "h": 13,
            "w": 58,
            "x": 56,
            "y": 488,
          },
          "font": Object {
            "family": "serif",
            "name": "CAAAAA+LiberationSerif",
            "size": 12,
            "style": "normal",
            "weight": "normal",
          },
          "text": "annotations.",
          "wmode": 0,
          "x": 56,
          "y": 498,
        },
      ],
      "type": "text",
    },
    Object {
      "bbox": Object {
        "h": 13,
        "w": 177,
        "x": 56,
        "y": 515,
      },
      "lines": Array [
        Object {
          "bbox": Object {
            "h": 13,
            "w": 177,
            "x": 56,
            "y": 515,
          },
          "font": Object {
            "family": "serif",
            "name": "CAAAAA+LiberationSerif",
            "size": 12,
            "style": "normal",
            "weight": "normal",
          },
          "text": "The following password is redacted: ",
          "wmode": 0,
          "x": 56,
          "y": 526,
        },
      ],
      "type": "text",
    },
    Object {
      "bbox": Object {
        "h": 20,
        "w": 80,
        "x": 56,
        "y": 555,
      },
      "lines": Array [
        Object {
          "bbox": Object {
            "h": 20,
            "w": 80,
            "x": 56,
            "y": 555,
          },
          "font": Object {
            "family": "serif",
            "name": "BAAAAA+LiberationSans-Bold",
            "size": 18,
            "style": "normal",
            "weight": "bold",
          },
          "text": "Drawings",
          "wmode": 0,
          "x": 56,
          "y": 571,
        },
      ],
      "type": "text",
    },
    Object {
      "bbox": Object {
        "h": 13,
        "w": 481,
        "x": 56,
        "y": 795,
      },
      "lines": Array [
        Object {
          "bbox": Object {
            "h": 13,
            "w": 297,
            "x": 56,
            "y": 795,
          },
          "font": Object {
            "family": "serif",
            "name": "CAAAAA+LiberationSerif",
            "size": 12,
            "style": "normal",
            "weight": "normal",
          },
          "text": "Test file created by Olivier FAURE for Artifex – CC0 licence ",
          "wmode": 0,
          "x": 56,
          "y": 806,
        },
        Object {
          "bbox": Object {
            "h": 13,
            "w": 74,
            "x": 464,
            "y": 795,
          },
          "font": Object {
            "family": "serif",
            "name": "CAAAAA+LiberationSerif",
            "size": 12,
            "style": "normal",
            "weight": "normal",
          },
          "text": "October 4 2022",
          "wmode": 0,
          "x": 464,
          "y": 806,
        },
      ],
      "type": "text",
    },
  ],
}
`;
